-- Install configuration: ""
-- Execute custom install script
-- Up-to-date symlink: /home/pearluva/Documents/484_Rover_Project/484_Rover_Project/simulation_ws/install/rover_sim/share/ament_index/resource_index/package_run_dependencies/rover_sim
-- Up-to-date symlink: /home/pearluva/Documents/484_Rover_Project/484_Rover_Project/simulation_ws/install/rover_sim/share/ament_index/resource_index/parent_prefix_path/rover_sim
-- Up-to-date symlink: /home/pearluva/Documents/484_Rover_Project/484_Rover_Project/simulation_ws/install/rover_sim/share/rover_sim/environment/ament_prefix_path.sh
-- Up-to-date symlink: /home/pearluva/Documents/484_Rover_Project/484_Rover_Project/simulation_ws/install/rover_sim/share/rover_sim/environment/ament_prefix_path.dsv
-- Up-to-date symlink: /home/pearluva/Documents/484_Rover_Project/484_Rover_Project/simulation_ws/install/rover_sim/share/rover_sim/environment/path.sh
-- Up-to-date symlink: /home/pearluva/Documents/484_Rover_Project/484_Rover_Project/simulation_ws/install/rover_sim/share/rover_sim/environment/path.dsv
-- Up-to-date symlink: /home/pearluva/Documents/484_Rover_Project/484_Rover_Project/simulation_ws/install/rover_sim/share/rover_sim/local_setup.bash
-- Up-to-date symlink: /home/pearluva/Documents/484_Rover_Project/484_Rover_Project/simulation_ws/install/rover_sim/share/rover_sim/local_setup.sh
-- Up-to-date symlink: /home/pearluva/Documents/484_Rover_Project/484_Rover_Project/simulation_ws/install/rover_sim/share/rover_sim/local_setup.zsh
-- Up-to-date symlink: /home/pearluva/Documents/484_Rover_Project/484_Rover_Project/simulation_ws/install/rover_sim/share/rover_sim/local_setup.dsv
-- Symlinking: /home/pearluva/Documents/484_Rover_Project/484_Rover_Project/simulation_ws/install/rover_sim/share/rover_sim/package.dsv
-- Up-to-date symlink: /home/pearluva/Documents/484_Rover_Project/484_Rover_Project/simulation_ws/install/rover_sim/share/ament_index/resource_index/packages/rover_sim
-- Up-to-date symlink: /home/pearluva/Documents/484_Rover_Project/484_Rover_Project/simulation_ws/install/rover_sim/share/rover_sim/cmake/rover_simConfig.cmake
-- Up-to-date symlink: /home/pearluva/Documents/484_Rover_Project/484_Rover_Project/simulation_ws/install/rover_sim/share/rover_sim/cmake/rover_simConfig-version.cmake
-- Up-to-date symlink: /home/pearluva/Documents/484_Rover_Project/484_Rover_Project/simulation_ws/install/rover_sim/share/rover_sim/package.xml
-- Up-to-date symlink: /home/pearluva/Documents/484_Rover_Project/484_Rover_Project/simulation_ws/install/rover_sim/share/rover_sim/launch/sim.launch.py
-- Up-to-date symlink: /home/pearluva/Documents/484_Rover_Project/484_Rover_Project/simulation_ws/install/rover_sim/share/rover_sim/urdf/rover.urdf
-- Up-to-date symlink: /home/pearluva/Documents/484_Rover_Project/484_Rover_Project/simulation_ws/install/rover_sim/share/rover_sim/config/controllers.yaml
-- Up-to-date symlink: /home/pearluva/Documents/484_Rover_Project/484_Rover_Project/simulation_ws/install/rover_sim/share/rover_sim/world/media/heightmaps/heightmap_100_m.png
-- Up-to-date symlink: /home/pearluva/Documents/484_Rover_Project/484_Rover_Project/simulation_ws/install/rover_sim/share/rover_sim/world/media/heightmaps/heightmap_fixed.png
-- Up-to-date symlink: /home/pearluva/Documents/484_Rover_Project/484_Rover_Project/simulation_ws/install/rover_sim/share/rover_sim/world/world.sdf
