[0.017s] Invoking command in '/home/pearluva/Documents/484_Rover_Project/484_Rover_Project/simulation_ws/build/rover_sim': CMAKE_PREFIX_PATH=/opt/ros/humble /usr/bin/cmake /home/pearluva/Documents/484_Rover_Project/484_Rover_Project/simulation_ws/src/rover_sim -DCMAKE_INSTALL_PREFIX=/home/pearluva/Documents/484_Rover_Project/484_Rover_Project/simulation_ws/install/rover_sim
[0.102s] -- The C compiler identification is GNU 11.4.0
[0.211s] -- The CXX compiler identification is GNU 11.4.0
[0.227s] -- Detecting C compiler ABI info
[0.324s] -- Detecting C compiler ABI info - done
[0.341s] -- Check for working C compiler: /usr/bin/cc - skipped
[0.341s] -- Detecting C compile features
[0.342s] -- Detecting C compile features - done
[0.349s] -- Detecting CXX compiler ABI info
[0.482s] -- Detecting CXX compiler ABI info - done
[0.498s] -- Check for working CXX compiler: /usr/bin/c++ - skipped
[0.498s] -- Detecting CXX compile features
[0.499s] -- Detecting CXX compile features - done
[0.503s] -- Found ament_cmake: 1.3.13 (/opt/ros/humble/share/ament_cmake/cmake)
[0.732s] -- Found Python3: /usr/bin/python3 (found version "3.10.12") found components: Interpreter 
[0.896s] -- Found ament_lint_auto: 0.12.15 (/opt/ros/humble/share/ament_lint_auto/cmake)
[1.041s] -- Added test 'flake8' to check Python code syntax and style conventions
[1.042s] -- Added test 'lint_cmake' to check CMake code style
[1.043s] -- Added test 'pep257' to check Python code against some of the docstring style conventions in PEP 257
[1.045s] -- Added test 'xmllint' to check XML markup files
[1.047s] -- Configuring done
[1.052s] -- Generating done
[1.055s] -- Build files have been written to: /home/pearluva/Documents/484_Rover_Project/484_Rover_Project/simulation_ws/build/rover_sim
[1.061s] Invoked command in '/home/pearluva/Documents/484_Rover_Project/484_Rover_Project/simulation_ws/build/rover_sim' returned '0': CMAKE_PREFIX_PATH=/opt/ros/humble /usr/bin/cmake /home/pearluva/Documents/484_Rover_Project/484_Rover_Project/simulation_ws/src/rover_sim -DCMAKE_INSTALL_PREFIX=/home/pearluva/Documents/484_Rover_Project/484_Rover_Project/simulation_ws/install/rover_sim
[1.064s] Invoking command in '/home/pearluva/Documents/484_Rover_Project/484_Rover_Project/simulation_ws/build/rover_sim': CMAKE_PREFIX_PATH=/opt/ros/humble /usr/bin/cmake --build /home/pearluva/Documents/484_Rover_Project/484_Rover_Project/simulation_ws/build/rover_sim -- -j8 -l8
[1.095s] Invoked command in '/home/pearluva/Documents/484_Rover_Project/484_Rover_Project/simulation_ws/build/rover_sim' returned '0': CMAKE_PREFIX_PATH=/opt/ros/humble /usr/bin/cmake --build /home/pearluva/Documents/484_Rover_Project/484_Rover_Project/simulation_ws/build/rover_sim -- -j8 -l8
[1.103s] Invoking command in '/home/pearluva/Documents/484_Rover_Project/484_Rover_Project/simulation_ws/build/rover_sim': CMAKE_PREFIX_PATH=/opt/ros/humble /usr/bin/cmake --install /home/pearluva/Documents/484_Rover_Project/484_Rover_Project/simulation_ws/build/rover_sim
[1.108s] -- Install configuration: ""
[1.108s] -- Installing: /home/pearluva/Documents/484_Rover_Project/484_Rover_Project/simulation_ws/install/rover_sim/share/ament_index/resource_index/package_run_dependencies/rover_sim
[1.108s] -- Installing: /home/pearluva/Documents/484_Rover_Project/484_Rover_Project/simulation_ws/install/rover_sim/share/ament_index/resource_index/parent_prefix_path/rover_sim
[1.109s] -- Installing: /home/pearluva/Documents/484_Rover_Project/484_Rover_Project/simulation_ws/install/rover_sim/share/rover_sim/environment/ament_prefix_path.sh
[1.109s] -- Installing: /home/pearluva/Documents/484_Rover_Project/484_Rover_Project/simulation_ws/install/rover_sim/share/rover_sim/environment/ament_prefix_path.dsv
[1.109s] -- Installing: /home/pearluva/Documents/484_Rover_Project/484_Rover_Project/simulation_ws/install/rover_sim/share/rover_sim/environment/path.sh
[1.109s] -- Installing: /home/pearluva/Documents/484_Rover_Project/484_Rover_Project/simulation_ws/install/rover_sim/share/rover_sim/environment/path.dsv
[1.109s] -- Installing: /home/pearluva/Documents/484_Rover_Project/484_Rover_Project/simulation_ws/install/rover_sim/share/rover_sim/local_setup.bash
[1.110s] -- Installing: /home/pearluva/Documents/484_Rover_Project/484_Rover_Project/simulation_ws/install/rover_sim/share/rover_sim/local_setup.sh
[1.110s] -- Installing: /home/pearluva/Documents/484_Rover_Project/484_Rover_Project/simulation_ws/install/rover_sim/share/rover_sim/local_setup.zsh
[1.110s] -- Installing: /home/pearluva/Documents/484_Rover_Project/484_Rover_Project/simulation_ws/install/rover_sim/share/rover_sim/local_setup.dsv
[1.110s] -- Installing: /home/pearluva/Documents/484_Rover_Project/484_Rover_Project/simulation_ws/install/rover_sim/share/rover_sim/package.dsv
[1.111s] -- Installing: /home/pearluva/Documents/484_Rover_Project/484_Rover_Project/simulation_ws/install/rover_sim/share/ament_index/resource_index/packages/rover_sim
[1.111s] -- Installing: /home/pearluva/Documents/484_Rover_Project/484_Rover_Project/simulation_ws/install/rover_sim/share/rover_sim/cmake/rover_simConfig.cmake
[1.111s] -- Installing: /home/pearluva/Documents/484_Rover_Project/484_Rover_Project/simulation_ws/install/rover_sim/share/rover_sim/cmake/rover_simConfig-version.cmake
[1.111s] -- Installing: /home/pearluva/Documents/484_Rover_Project/484_Rover_Project/simulation_ws/install/rover_sim/share/rover_sim/package.xml
[1.111s] -- Installing: /home/pearluva/Documents/484_Rover_Project/484_Rover_Project/simulation_ws/install/rover_sim/share/rover_sim/launch
[1.112s] -- Installing: /home/pearluva/Documents/484_Rover_Project/484_Rover_Project/simulation_ws/install/rover_sim/share/rover_sim/launch/sim.launch.py
[1.112s] -- Installing: /home/pearluva/Documents/484_Rover_Project/484_Rover_Project/simulation_ws/install/rover_sim/share/rover_sim/urdf
[1.112s] -- Installing: /home/pearluva/Documents/484_Rover_Project/484_Rover_Project/simulation_ws/install/rover_sim/share/rover_sim/urdf/rover.urdf
[1.112s] -- Installing: /home/pearluva/Documents/484_Rover_Project/484_Rover_Project/simulation_ws/install/rover_sim/share/rover_sim/config
[1.112s] -- Installing: /home/pearluva/Documents/484_Rover_Project/484_Rover_Project/simulation_ws/install/rover_sim/share/rover_sim/config/controllers.yaml
[1.115s] Invoked command in '/home/pearluva/Documents/484_Rover_Project/484_Rover_Project/simulation_ws/build/rover_sim' returned '0': CMAKE_PREFIX_PATH=/opt/ros/humble /usr/bin/cmake --install /home/pearluva/Documents/484_Rover_Project/484_Rover_Project/simulation_ws/build/rover_sim
