[0.008s] Invoking command in '/home/pearluva/Documents/484_Rover_Project/simulation_ws/build/rover_sim': CMAKE_PREFIX_PATH=/opt/ros/humble /usr/bin/cmake --build /home/pearluva/Documents/484_Rover_Project/simulation_ws/build/rover_sim -- -j28 -l28
[0.041s] Invoked command in '/home/pearluva/Documents/484_Rover_Project/simulation_ws/build/rover_sim' returned '0': CMAKE_PREFIX_PATH=/opt/ros/humble /usr/bin/cmake --build /home/pearluva/Documents/484_Rover_Project/simulation_ws/build/rover_sim -- -j28 -l28
[0.050s] Invoking command in '/home/pearluva/Documents/484_Rover_Project/simulation_ws/build/rover_sim': CMAKE_PREFIX_PATH=/opt/ros/humble /usr/bin/cmake --install /home/pearluva/Documents/484_Rover_Project/simulation_ws/build/rover_sim
[0.056s] -- Install configuration: ""
[0.057s] -- Execute custom install script
[0.057s] -- Up-to-date symlink: /home/pearluva/Documents/484_Rover_Project/simulation_ws/install/rover_sim/share/ament_index/resource_index/package_run_dependencies/rover_sim
[0.057s] -- Up-to-date symlink: /home/pearluva/Documents/484_Rover_Project/simulation_ws/install/rover_sim/share/ament_index/resource_index/parent_prefix_path/rover_sim
[0.058s] -- Up-to-date symlink: /home/pearluva/Documents/484_Rover_Project/simulation_ws/install/rover_sim/share/rover_sim/environment/ament_prefix_path.sh
[0.058s] -- Up-to-date symlink: /home/pearluva/Documents/484_Rover_Project/simulation_ws/install/rover_sim/share/rover_sim/environment/ament_prefix_path.dsv
[0.058s] -- Up-to-date symlink: /home/pearluva/Documents/484_Rover_Project/simulation_ws/install/rover_sim/share/rover_sim/environment/path.sh
[0.058s] -- Up-to-date symlink: /home/pearluva/Documents/484_Rover_Project/simulation_ws/install/rover_sim/share/rover_sim/environment/path.dsv
[0.058s] -- Up-to-date symlink: /home/pearluva/Documents/484_Rover_Project/simulation_ws/install/rover_sim/share/rover_sim/local_setup.bash
[0.058s] -- Up-to-date symlink: /home/pearluva/Documents/484_Rover_Project/simulation_ws/install/rover_sim/share/rover_sim/local_setup.sh
[0.058s] -- Up-to-date symlink: /home/pearluva/Documents/484_Rover_Project/simulation_ws/install/rover_sim/share/rover_sim/local_setup.zsh
[0.058s] -- Up-to-date symlink: /home/pearluva/Documents/484_Rover_Project/simulation_ws/install/rover_sim/share/rover_sim/local_setup.dsv
[0.058s] -- Symlinking: /home/pearluva/Documents/484_Rover_Project/simulation_ws/install/rover_sim/share/rover_sim/package.dsv
[0.066s] -- Up-to-date symlink: /home/pearluva/Documents/484_Rover_Project/simulation_ws/install/rover_sim/share/ament_index/resource_index/packages/rover_sim
[0.066s] -- Up-to-date symlink: /home/pearluva/Documents/484_Rover_Project/simulation_ws/install/rover_sim/share/rover_sim/cmake/rover_simConfig.cmake
[0.066s] -- Up-to-date symlink: /home/pearluva/Documents/484_Rover_Project/simulation_ws/install/rover_sim/share/rover_sim/cmake/rover_simConfig-version.cmake
[0.066s] -- Up-to-date symlink: /home/pearluva/Documents/484_Rover_Project/simulation_ws/install/rover_sim/share/rover_sim/package.xml
[0.066s] -- Up-to-date symlink: /home/pearluva/Documents/484_Rover_Project/simulation_ws/install/rover_sim/share/rover_sim/launch/sim.launch.py
[0.067s] -- Up-to-date symlink: /home/pearluva/Documents/484_Rover_Project/simulation_ws/install/rover_sim/share/rover_sim/launch/sim.test.py
[0.067s] -- Up-to-date symlink: /home/pearluva/Documents/484_Rover_Project/simulation_ws/install/rover_sim/share/rover_sim/urdf/rover.urdf
[0.067s] -- Up-to-date symlink: /home/pearluva/Documents/484_Rover_Project/simulation_ws/install/rover_sim/share/rover_sim/config/controllers.yaml
[0.067s] -- Up-to-date symlink: /home/pearluva/Documents/484_Rover_Project/simulation_ws/install/rover_sim/share/rover_sim/world/meshes/30m_path.mtl
[0.067s] -- Up-to-date symlink: /home/pearluva/Documents/484_Rover_Project/simulation_ws/install/rover_sim/share/rover_sim/world/meshes/30m_path.obj
[0.067s] -- Up-to-date symlink: /home/pearluva/Documents/484_Rover_Project/simulation_ws/install/rover_sim/share/rover_sim/world/meshes/south_pole.mtl
[0.067s] -- Up-to-date symlink: /home/pearluva/Documents/484_Rover_Project/simulation_ws/install/rover_sim/share/rover_sim/world/meshes/south_pole.obj
[0.067s] -- Up-to-date symlink: /home/pearluva/Documents/484_Rover_Project/simulation_ws/install/rover_sim/share/rover_sim/world/obstacles.sdf
[0.068s] -- Up-to-date symlink: /home/pearluva/Documents/484_Rover_Project/simulation_ws/install/rover_sim/share/rover_sim/world/world.sdf
[0.069s] Invoked command in '/home/pearluva/Documents/484_Rover_Project/simulation_ws/build/rover_sim' returned '0': CMAKE_PREFIX_PATH=/opt/ros/humble /usr/bin/cmake --install /home/pearluva/Documents/484_Rover_Project/simulation_ws/build/rover_sim
