[0.007s] Invoking command in '/home/pearluva/Documents/484_Rover_Project/simulation_ws/build/rover_sim': CMAKE_PREFIX_PATH=${CMAKE_PREFIX_PATH}:/opt/ros/humble /usr/bin/cmake /home/pearluva/Documents/484_Rover_Project/simulation_ws/src/rover_sim -DAMENT_CMAKE_SYMLINK_INSTALL=1 -DCMAKE_INSTALL_PREFIX=/home/pearluva/Documents/484_Rover_Project/simulation_ws/install/rover_sim
[0.017s] -- Found ament_cmake: 1.3.14 (/opt/ros/humble/share/ament_cmake/cmake)
[0.098s] -- Override CMake install command with custom implementation using symlinks instead of copying resources
[0.102s] -- Found ament_lint_auto: 0.12.15 (/opt/ros/humble/share/ament_lint_auto/cmake)
[0.145s] -- Added test 'flake8' to check Python code syntax and style conventions
[0.145s] -- Added test 'lint_cmake' to check CMake code style
[0.146s] -- Added test 'pep257' to check Python code against some of the docstring style conventions in PEP 257
[0.147s] -- Added test 'xmllint' to check XML markup files
[0.147s] -- Configuring done
[0.149s] -- Generating done
[0.150s] -- Build files have been written to: /home/pearluva/Documents/484_Rover_Project/simulation_ws/build/rover_sim
[0.152s] Invoked command in '/home/pearluva/Documents/484_Rover_Project/simulation_ws/build/rover_sim' returned '0': CMAKE_PREFIX_PATH=${CMAKE_PREFIX_PATH}:/opt/ros/humble /usr/bin/cmake /home/pearluva/Documents/484_Rover_Project/simulation_ws/src/rover_sim -DAMENT_CMAKE_SYMLINK_INSTALL=1 -DCMAKE_INSTALL_PREFIX=/home/pearluva/Documents/484_Rover_Project/simulation_ws/install/rover_sim
[0.154s] Invoking command in '/home/pearluva/Documents/484_Rover_Project/simulation_ws/build/rover_sim': CMAKE_PREFIX_PATH=${CMAKE_PREFIX_PATH}:/opt/ros/humble /usr/bin/cmake --build /home/pearluva/Documents/484_Rover_Project/simulation_ws/build/rover_sim -- -j28 -l28
[0.188s] Invoked command in '/home/pearluva/Documents/484_Rover_Project/simulation_ws/build/rover_sim' returned '0': CMAKE_PREFIX_PATH=${CMAKE_PREFIX_PATH}:/opt/ros/humble /usr/bin/cmake --build /home/pearluva/Documents/484_Rover_Project/simulation_ws/build/rover_sim -- -j28 -l28
[0.199s] Invoking command in '/home/pearluva/Documents/484_Rover_Project/simulation_ws/build/rover_sim': CMAKE_PREFIX_PATH=${CMAKE_PREFIX_PATH}:/opt/ros/humble /usr/bin/cmake --install /home/pearluva/Documents/484_Rover_Project/simulation_ws/build/rover_sim
[0.205s] -- Install configuration: ""
[0.206s] -- Execute custom install script
[0.206s] -- Up-to-date symlink: /home/pearluva/Documents/484_Rover_Project/simulation_ws/install/rover_sim/lib/rover_sim/path_follower.py
[0.206s] -- Up-to-date symlink: /home/pearluva/Documents/484_Rover_Project/simulation_ws/install/rover_sim/share/rover_sim/launch/__pycache__/sim.test.cpython-310.pyc
[0.206s] -- Up-to-date symlink: /home/pearluva/Documents/484_Rover_Project/simulation_ws/install/rover_sim/share/rover_sim/launch/sim.launch.py
[0.207s] -- Up-to-date symlink: /home/pearluva/Documents/484_Rover_Project/simulation_ws/install/rover_sim/share/rover_sim/launch/sim.test.py
[0.207s] -- Up-to-date symlink: /home/pearluva/Documents/484_Rover_Project/simulation_ws/install/rover_sim/share/rover_sim/rover/meshes/README.md
[0.207s] -- Up-to-date symlink: /home/pearluva/Documents/484_Rover_Project/simulation_ws/install/rover_sim/share/rover_sim/rover/meshes/chassis.STL
[0.207s] -- Up-to-date symlink: /home/pearluva/Documents/484_Rover_Project/simulation_ws/install/rover_sim/share/rover_sim/rover/meshes/mm_FL.STL
[0.207s] -- Up-to-date symlink: /home/pearluva/Documents/484_Rover_Project/simulation_ws/install/rover_sim/share/rover_sim/rover/meshes/mm_FR.STL
[0.207s] -- Up-to-date symlink: /home/pearluva/Documents/484_Rover_Project/simulation_ws/install/rover_sim/share/rover_sim/rover/meshes/mm_RL.STL
[0.207s] -- Up-to-date symlink: /home/pearluva/Documents/484_Rover_Project/simulation_ws/install/rover_sim/share/rover_sim/rover/meshes/mm_RR.STL
[0.207s] -- Up-to-date symlink: /home/pearluva/Documents/484_Rover_Project/simulation_ws/install/rover_sim/share/rover_sim/rover/meshes/wheel.stl
[0.207s] -- Up-to-date symlink: /home/pearluva/Documents/484_Rover_Project/simulation_ws/install/rover_sim/share/rover_sim/rover/rover.urdf
[0.207s] -- Up-to-date symlink: /home/pearluva/Documents/484_Rover_Project/simulation_ws/install/rover_sim/share/rover_sim/rover/rover_model.config
[0.208s] -- Up-to-date symlink: /home/pearluva/Documents/484_Rover_Project/simulation_ws/install/rover_sim/share/rover_sim/rover/rover_model.sdf
[0.208s] -- Up-to-date symlink: /home/pearluva/Documents/484_Rover_Project/simulation_ws/install/rover_sim/share/rover_sim/config/controllers.yaml
[0.208s] -- Up-to-date symlink: /home/pearluva/Documents/484_Rover_Project/simulation_ws/install/rover_sim/share/rover_sim/world/meshes/30m_path.mtl
[0.208s] -- Up-to-date symlink: /home/pearluva/Documents/484_Rover_Project/simulation_ws/install/rover_sim/share/rover_sim/world/meshes/30m_path.obj
[0.208s] -- Up-to-date symlink: /home/pearluva/Documents/484_Rover_Project/simulation_ws/install/rover_sim/share/rover_sim/world/meshes/30m_scale.mtl
[0.208s] -- Up-to-date symlink: /home/pearluva/Documents/484_Rover_Project/simulation_ws/install/rover_sim/share/rover_sim/world/meshes/30m_scale.obj
[0.208s] -- Up-to-date symlink: /home/pearluva/Documents/484_Rover_Project/simulation_ws/install/rover_sim/share/rover_sim/world/meshes/6211_path.mtl
[0.209s] -- Up-to-date symlink: /home/pearluva/Documents/484_Rover_Project/simulation_ws/install/rover_sim/share/rover_sim/world/meshes/6211_path.obj
[0.209s] -- Up-to-date symlink: /home/pearluva/Documents/484_Rover_Project/simulation_ws/install/rover_sim/share/rover_sim/world/meshes/README.md
[0.209s] -- Up-to-date symlink: /home/pearluva/Documents/484_Rover_Project/simulation_ws/install/rover_sim/share/rover_sim/world/meshes/south_pole.mtl
[0.209s] -- Up-to-date symlink: /home/pearluva/Documents/484_Rover_Project/simulation_ws/install/rover_sim/share/rover_sim/world/meshes/south_pole.obj
[0.209s] -- Up-to-date symlink: /home/pearluva/Documents/484_Rover_Project/simulation_ws/install/rover_sim/share/rover_sim/world/obstacles.sdf
[0.209s] -- Up-to-date symlink: /home/pearluva/Documents/484_Rover_Project/simulation_ws/install/rover_sim/share/rover_sim/world/world.sdf
[0.209s] -- Up-to-date symlink: /home/pearluva/Documents/484_Rover_Project/simulation_ws/install/rover_sim/share/rover_sim/scripts/30m/cropped_DEM_file_30m.tiff
[0.209s] -- Up-to-date symlink: /home/pearluva/Documents/484_Rover_Project/simulation_ws/install/rover_sim/share/rover_sim/scripts/30m/cropped_path_pixels_30m.csv
[0.210s] -- Up-to-date symlink: /home/pearluva/Documents/484_Rover_Project/simulation_ws/install/rover_sim/share/rover_sim/scripts/30m/planned_path_nodes_meters_30.0.csv
[0.210s] -- Up-to-date symlink: /home/pearluva/Documents/484_Rover_Project/simulation_ws/install/rover_sim/share/rover_sim/scripts/6211m/6221m_path.tiff
[0.210s] -- Up-to-date symlink: /home/pearluva/Documents/484_Rover_Project/simulation_ws/install/rover_sim/share/rover_sim/scripts/6211m/path_6221_PIXELS.csv
[0.210s] -- Up-to-date symlink: /home/pearluva/Documents/484_Rover_Project/simulation_ws/install/rover_sim/share/rover_sim/scripts/path_follower.py
[0.210s] -- Up-to-date symlink: /home/pearluva/Documents/484_Rover_Project/simulation_ws/install/rover_sim/share/ament_index/resource_index/package_run_dependencies/rover_sim
[0.210s] -- Up-to-date symlink: /home/pearluva/Documents/484_Rover_Project/simulation_ws/install/rover_sim/share/ament_index/resource_index/parent_prefix_path/rover_sim
[0.210s] -- Up-to-date symlink: /home/pearluva/Documents/484_Rover_Project/simulation_ws/install/rover_sim/share/rover_sim/environment/ament_prefix_path.sh
[0.210s] -- Up-to-date symlink: /home/pearluva/Documents/484_Rover_Project/simulation_ws/install/rover_sim/share/rover_sim/environment/ament_prefix_path.dsv
[0.210s] -- Up-to-date symlink: /home/pearluva/Documents/484_Rover_Project/simulation_ws/install/rover_sim/share/rover_sim/environment/path.sh
[0.211s] -- Up-to-date symlink: /home/pearluva/Documents/484_Rover_Project/simulation_ws/install/rover_sim/share/rover_sim/environment/path.dsv
[0.211s] -- Up-to-date symlink: /home/pearluva/Documents/484_Rover_Project/simulation_ws/install/rover_sim/share/rover_sim/local_setup.bash
[0.211s] -- Up-to-date symlink: /home/pearluva/Documents/484_Rover_Project/simulation_ws/install/rover_sim/share/rover_sim/local_setup.sh
[0.211s] -- Up-to-date symlink: /home/pearluva/Documents/484_Rover_Project/simulation_ws/install/rover_sim/share/rover_sim/local_setup.zsh
[0.211s] -- Up-to-date symlink: /home/pearluva/Documents/484_Rover_Project/simulation_ws/install/rover_sim/share/rover_sim/local_setup.dsv
[0.211s] -- Symlinking: /home/pearluva/Documents/484_Rover_Project/simulation_ws/install/rover_sim/share/rover_sim/package.dsv
[0.217s] -- Up-to-date symlink: /home/pearluva/Documents/484_Rover_Project/simulation_ws/install/rover_sim/share/ament_index/resource_index/packages/rover_sim
[0.217s] -- Up-to-date symlink: /home/pearluva/Documents/484_Rover_Project/simulation_ws/install/rover_sim/share/rover_sim/cmake/rover_simConfig.cmake
[0.217s] -- Up-to-date symlink: /home/pearluva/Documents/484_Rover_Project/simulation_ws/install/rover_sim/share/rover_sim/cmake/rover_simConfig-version.cmake
[0.218s] -- Up-to-date symlink: /home/pearluva/Documents/484_Rover_Project/simulation_ws/install/rover_sim/share/rover_sim/package.xml
[0.219s] Invoked command in '/home/pearluva/Documents/484_Rover_Project/simulation_ws/build/rover_sim' returned '0': CMAKE_PREFIX_PATH=${CMAKE_PREFIX_PATH}:/opt/ros/humble /usr/bin/cmake --install /home/pearluva/Documents/484_Rover_Project/simulation_ws/build/rover_sim
