[0.209s] DEBUG:colcon:Command line arguments: ['/usr/bin/colcon', 'build']
[0.209s] DEBUG:colcon:Parsed command line arguments: Namespace(log_base=None, log_level=None, verb_name='build', build_base='build', install_base='install', merge_install=False, symlink_install=False, test_result_base=None, continue_on_error=False, executor='parallel', parallel_workers=8, event_handlers=None, ignore_user_meta=False, metas=['./colcon.meta'], base_paths=['.'], packages_ignore=None, packages_ignore_regex=None, paths=None, packages_up_to=None, packages_up_to_regex=None, packages_above=None, packages_above_and_dependencies=None, packages_above_depth=None, packages_select_by_dep=None, packages_skip_by_dep=None, packages_skip_up_to=None, packages_select_build_failed=False, packages_skip_build_finished=False, packages_select_test_failures=False, packages_skip_test_passed=False, packages_select=None, packages_skip=None, packages_select_regex=None, packages_skip_regex=None, packages_start=None, packages_end=None, allow_overriding=[], cmake_args=None, cmake_target=None, cmake_target_skip_unavailable=False, cmake_clean_cache=False, cmake_clean_first=False, cmake_force_configure=False, ament_cmake_args=None, catkin_cmake_args=None, catkin_skip_building_tests=False, mixin_files=None, mixin=None, verb_parser=<colcon_mixin.mixin.mixin_argument.MixinArgumentDecorator object at 0x7ce12e571690>, verb_extension=<colcon_core.verb.build.BuildVerb object at 0x7ce12e66e5f0>, main=<bound method BuildVerb.main of <colcon_core.verb.build.BuildVerb object at 0x7ce12e66e5f0>>, mixin_verb=('build',))
[0.534s] Level 1:colcon.colcon_core.package_discovery:discover_packages(colcon_meta) check parameters
[0.534s] Level 1:colcon.colcon_core.package_discovery:discover_packages(recursive) check parameters
[0.534s] Level 1:colcon.colcon_core.package_discovery:discover_packages(ignore) check parameters
[0.534s] Level 1:colcon.colcon_core.package_discovery:discover_packages(path) check parameters
[0.535s] Level 1:colcon.colcon_core.package_discovery:discover_packages(colcon_meta) discover
[0.535s] Level 1:colcon.colcon_core.package_discovery:discover_packages(recursive) discover
[0.535s] INFO:colcon.colcon_core.package_discovery:Crawling recursively for packages in '/home/pearluva/Documents/484_Rover_Project/484_Rover_Project/simulation_ws'
[0.535s] Level 1:colcon.colcon_core.package_identification:_identify(.) by extensions ['ignore', 'ignore_ament_install']
[0.535s] Level 1:colcon.colcon_core.package_identification:_identify(.) by extension 'ignore'
[0.535s] Level 1:colcon.colcon_core.package_identification:_identify(.) by extension 'ignore_ament_install'
[0.535s] Level 1:colcon.colcon_core.package_identification:_identify(.) by extensions ['colcon_pkg']
[0.535s] Level 1:colcon.colcon_core.package_identification:_identify(.) by extension 'colcon_pkg'
[0.535s] Level 1:colcon.colcon_core.package_identification:_identify(.) by extensions ['colcon_meta']
[0.535s] Level 1:colcon.colcon_core.package_identification:_identify(.) by extension 'colcon_meta'
[0.536s] Level 1:colcon.colcon_core.package_identification:_identify(.) by extensions ['ros']
[0.536s] Level 1:colcon.colcon_core.package_identification:_identify(.) by extension 'ros'
[0.557s] Level 1:colcon.colcon_core.package_identification:_identify(.) by extensions ['cmake', 'python']
[0.557s] Level 1:colcon.colcon_core.package_identification:_identify(.) by extension 'cmake'
[0.557s] Level 1:colcon.colcon_core.package_identification:_identify(.) by extension 'python'
[0.557s] Level 1:colcon.colcon_core.package_identification:_identify(.) by extensions ['python_setup_py']
[0.557s] Level 1:colcon.colcon_core.package_identification:_identify(.) by extension 'python_setup_py'
[0.557s] Level 1:colcon.colcon_core.package_identification:_identify(build) by extensions ['ignore', 'ignore_ament_install']
[0.557s] Level 1:colcon.colcon_core.package_identification:_identify(build) by extension 'ignore'
[0.557s] Level 1:colcon.colcon_core.package_identification:_identify(build) ignored
[0.558s] Level 1:colcon.colcon_core.package_identification:_identify(install) by extensions ['ignore', 'ignore_ament_install']
[0.558s] Level 1:colcon.colcon_core.package_identification:_identify(install) by extension 'ignore'
[0.558s] Level 1:colcon.colcon_core.package_identification:_identify(install) ignored
[0.558s] Level 1:colcon.colcon_core.package_identification:_identify(log) by extensions ['ignore', 'ignore_ament_install']
[0.558s] Level 1:colcon.colcon_core.package_identification:_identify(log) by extension 'ignore'
[0.558s] Level 1:colcon.colcon_core.package_identification:_identify(log) ignored
[0.558s] Level 1:colcon.colcon_core.package_identification:_identify(src) by extensions ['ignore', 'ignore_ament_install']
[0.559s] Level 1:colcon.colcon_core.package_identification:_identify(src) by extension 'ignore'
[0.559s] Level 1:colcon.colcon_core.package_identification:_identify(src) by extension 'ignore_ament_install'
[0.559s] Level 1:colcon.colcon_core.package_identification:_identify(src) by extensions ['colcon_pkg']
[0.559s] Level 1:colcon.colcon_core.package_identification:_identify(src) by extension 'colcon_pkg'
[0.559s] Level 1:colcon.colcon_core.package_identification:_identify(src) by extensions ['colcon_meta']
[0.559s] Level 1:colcon.colcon_core.package_identification:_identify(src) by extension 'colcon_meta'
[0.559s] Level 1:colcon.colcon_core.package_identification:_identify(src) by extensions ['ros']
[0.559s] Level 1:colcon.colcon_core.package_identification:_identify(src) by extension 'ros'
[0.559s] Level 1:colcon.colcon_core.package_identification:_identify(src) by extensions ['cmake', 'python']
[0.559s] Level 1:colcon.colcon_core.package_identification:_identify(src) by extension 'cmake'
[0.559s] Level 1:colcon.colcon_core.package_identification:_identify(src) by extension 'python'
[0.560s] Level 1:colcon.colcon_core.package_identification:_identify(src) by extensions ['python_setup_py']
[0.560s] Level 1:colcon.colcon_core.package_identification:_identify(src) by extension 'python_setup_py'
[0.560s] Level 1:colcon.colcon_core.package_identification:_identify(src/path_planning) by extensions ['ignore', 'ignore_ament_install']
[0.560s] Level 1:colcon.colcon_core.package_identification:_identify(src/path_planning) by extension 'ignore'
[0.560s] Level 1:colcon.colcon_core.package_identification:_identify(src/path_planning) by extension 'ignore_ament_install'
[0.560s] Level 1:colcon.colcon_core.package_identification:_identify(src/path_planning) by extensions ['colcon_pkg']
[0.560s] Level 1:colcon.colcon_core.package_identification:_identify(src/path_planning) by extension 'colcon_pkg'
[0.560s] Level 1:colcon.colcon_core.package_identification:_identify(src/path_planning) by extensions ['colcon_meta']
[0.560s] Level 1:colcon.colcon_core.package_identification:_identify(src/path_planning) by extension 'colcon_meta'
[0.560s] Level 1:colcon.colcon_core.package_identification:_identify(src/path_planning) by extensions ['ros']
[0.560s] Level 1:colcon.colcon_core.package_identification:_identify(src/path_planning) by extension 'ros'
[0.561s] Level 1:colcon.colcon_core.package_identification:_identify(src/path_planning) by extensions ['cmake', 'python']
[0.561s] Level 1:colcon.colcon_core.package_identification:_identify(src/path_planning) by extension 'cmake'
[0.561s] Level 1:colcon.colcon_core.package_identification:_identify(src/path_planning) by extension 'python'
[0.561s] Level 1:colcon.colcon_core.package_identification:_identify(src/path_planning) by extensions ['python_setup_py']
[0.561s] Level 1:colcon.colcon_core.package_identification:_identify(src/path_planning) by extension 'python_setup_py'
[0.561s] Level 1:colcon.colcon_core.package_identification:_identify(src/rover_sim) by extensions ['ignore', 'ignore_ament_install']
[0.561s] Level 1:colcon.colcon_core.package_identification:_identify(src/rover_sim) by extension 'ignore'
[0.561s] Level 1:colcon.colcon_core.package_identification:_identify(src/rover_sim) by extension 'ignore_ament_install'
[0.561s] Level 1:colcon.colcon_core.package_identification:_identify(src/rover_sim) by extensions ['colcon_pkg']
[0.561s] Level 1:colcon.colcon_core.package_identification:_identify(src/rover_sim) by extension 'colcon_pkg'
[0.561s] Level 1:colcon.colcon_core.package_identification:_identify(src/rover_sim) by extensions ['colcon_meta']
[0.562s] Level 1:colcon.colcon_core.package_identification:_identify(src/rover_sim) by extension 'colcon_meta'
[0.562s] Level 1:colcon.colcon_core.package_identification:_identify(src/rover_sim) by extensions ['ros']
[0.562s] Level 1:colcon.colcon_core.package_identification:_identify(src/rover_sim) by extension 'ros'
[0.567s] DEBUG:colcon.colcon_core.package_identification:Package 'src/rover_sim' with type 'ros.ament_cmake' and name 'rover_sim'
[0.567s] Level 1:colcon.colcon_core.package_discovery:discover_packages(recursive) using defaults
[0.567s] Level 1:colcon.colcon_core.package_discovery:discover_packages(ignore) discover
[0.567s] Level 1:colcon.colcon_core.package_discovery:discover_packages(ignore) using defaults
[0.567s] Level 1:colcon.colcon_core.package_discovery:discover_packages(path) discover
[0.567s] Level 1:colcon.colcon_core.package_discovery:discover_packages(path) using defaults
[0.623s] Level 1:colcon.colcon_core.package_discovery:discover_packages(prefix_path) check parameters
[0.623s] Level 1:colcon.colcon_core.package_discovery:discover_packages(prefix_path) discover
[0.625s] WARNING:colcon.colcon_ros.prefix_path.ament:The path '/home/pearluva/Documents/484_Rover_Project/484_Rover_Project/simulation_ws/install/rover_sim' in the environment variable AMENT_PREFIX_PATH doesn't exist
[0.625s] WARNING:colcon.colcon_ros.prefix_path.catkin:The path '/home/pearluva/Documents/484_Rover_Project/484_Rover_Project/simulation_ws/install/rover_sim' in the environment variable CMAKE_PREFIX_PATH doesn't exist
[0.627s] DEBUG:colcon.colcon_installed_package_information.package_discovery:Found 0 installed packages in /home/pearluva/Documents/484_Rover_Project/484_Rover_Project/simulation_ws/install
[0.629s] DEBUG:colcon.colcon_installed_package_information.package_discovery:Found 287 installed packages in /opt/ros/humble
[0.633s] Level 1:colcon.colcon_core.package_discovery:discover_packages(prefix_path) using defaults
[0.706s] Level 5:colcon.colcon_core.verb:set package 'rover_sim' build argument 'cmake_args' from command line to 'None'
[0.706s] Level 5:colcon.colcon_core.verb:set package 'rover_sim' build argument 'cmake_target' from command line to 'None'
[0.706s] Level 5:colcon.colcon_core.verb:set package 'rover_sim' build argument 'cmake_target_skip_unavailable' from command line to 'False'
[0.706s] Level 5:colcon.colcon_core.verb:set package 'rover_sim' build argument 'cmake_clean_cache' from command line to 'False'
[0.706s] Level 5:colcon.colcon_core.verb:set package 'rover_sim' build argument 'cmake_clean_first' from command line to 'False'
[0.706s] Level 5:colcon.colcon_core.verb:set package 'rover_sim' build argument 'cmake_force_configure' from command line to 'False'
[0.706s] Level 5:colcon.colcon_core.verb:set package 'rover_sim' build argument 'ament_cmake_args' from command line to 'None'
[0.706s] Level 5:colcon.colcon_core.verb:set package 'rover_sim' build argument 'catkin_cmake_args' from command line to 'None'
[0.706s] Level 5:colcon.colcon_core.verb:set package 'rover_sim' build argument 'catkin_skip_building_tests' from command line to 'False'
[0.706s] DEBUG:colcon.colcon_core.verb:Building package 'rover_sim' with the following arguments: {'ament_cmake_args': None, 'build_base': '/home/pearluva/Documents/484_Rover_Project/484_Rover_Project/simulation_ws/build/rover_sim', 'catkin_cmake_args': None, 'catkin_skip_building_tests': False, 'cmake_args': None, 'cmake_clean_cache': False, 'cmake_clean_first': False, 'cmake_force_configure': False, 'cmake_target': None, 'cmake_target_skip_unavailable': False, 'install_base': '/home/pearluva/Documents/484_Rover_Project/484_Rover_Project/simulation_ws/install/rover_sim', 'merge_install': False, 'path': '/home/pearluva/Documents/484_Rover_Project/484_Rover_Project/simulation_ws/src/rover_sim', 'symlink_install': False, 'test_result_base': None}
[0.706s] INFO:colcon.colcon_core.executor:Executing jobs using 'parallel' executor
[0.708s] DEBUG:colcon.colcon_parallel_executor.executor.parallel:run_until_complete
[0.709s] INFO:colcon.colcon_ros.task.ament_cmake.build:Building ROS package in '/home/pearluva/Documents/484_Rover_Project/484_Rover_Project/simulation_ws/src/rover_sim' with build type 'ament_cmake'
[0.709s] INFO:colcon.colcon_cmake.task.cmake.build:Building CMake package in '/home/pearluva/Documents/484_Rover_Project/484_Rover_Project/simulation_ws/src/rover_sim'
[0.712s] INFO:colcon.colcon_core.plugin_system:Skipping extension 'colcon_core.shell.bat': Not used on non-Windows systems
[0.712s] INFO:colcon.colcon_core.shell:Skip shell extension 'powershell' for command environment: Not usable outside of PowerShell
[0.713s] DEBUG:colcon.colcon_core.shell:Skip shell extension 'dsv' for command environment
[0.726s] DEBUG:colcon.colcon_core.event_handler.log_command:Invoking command in '/home/pearluva/Documents/484_Rover_Project/484_Rover_Project/simulation_ws/build/rover_sim': CMAKE_PREFIX_PATH=${CMAKE_PREFIX_PATH}:/opt/ros/humble /usr/bin/cmake /home/pearluva/Documents/484_Rover_Project/484_Rover_Project/simulation_ws/src/rover_sim -DCMAKE_INSTALL_PREFIX=/home/pearluva/Documents/484_Rover_Project/484_Rover_Project/simulation_ws/install/rover_sim
[1.895s] DEBUG:colcon.colcon_core.event_handler.log_command:Invoked command in '/home/pearluva/Documents/484_Rover_Project/484_Rover_Project/simulation_ws/build/rover_sim' returned '0': CMAKE_PREFIX_PATH=${CMAKE_PREFIX_PATH}:/opt/ros/humble /usr/bin/cmake /home/pearluva/Documents/484_Rover_Project/484_Rover_Project/simulation_ws/src/rover_sim -DCMAKE_INSTALL_PREFIX=/home/pearluva/Documents/484_Rover_Project/484_Rover_Project/simulation_ws/install/rover_sim
[1.898s] DEBUG:colcon.colcon_core.event_handler.log_command:Invoking command in '/home/pearluva/Documents/484_Rover_Project/484_Rover_Project/simulation_ws/build/rover_sim': CMAKE_PREFIX_PATH=${CMAKE_PREFIX_PATH}:/opt/ros/humble /usr/bin/cmake --build /home/pearluva/Documents/484_Rover_Project/484_Rover_Project/simulation_ws/build/rover_sim -- -j8 -l8
[1.929s] DEBUG:colcon.colcon_core.event_handler.log_command:Invoked command in '/home/pearluva/Documents/484_Rover_Project/484_Rover_Project/simulation_ws/build/rover_sim' returned '0': CMAKE_PREFIX_PATH=${CMAKE_PREFIX_PATH}:/opt/ros/humble /usr/bin/cmake --build /home/pearluva/Documents/484_Rover_Project/484_Rover_Project/simulation_ws/build/rover_sim -- -j8 -l8
[1.937s] DEBUG:colcon.colcon_core.event_handler.log_command:Invoking command in '/home/pearluva/Documents/484_Rover_Project/484_Rover_Project/simulation_ws/build/rover_sim': CMAKE_PREFIX_PATH=${CMAKE_PREFIX_PATH}:/opt/ros/humble /usr/bin/cmake --install /home/pearluva/Documents/484_Rover_Project/484_Rover_Project/simulation_ws/build/rover_sim
[1.951s] Level 1:colcon.colcon_core.environment:create_environment_scripts_only(rover_sim)
[1.952s] DEBUG:colcon.colcon_core.event_handler.log_command:Invoked command in '/home/pearluva/Documents/484_Rover_Project/484_Rover_Project/simulation_ws/build/rover_sim' returned '0': CMAKE_PREFIX_PATH=${CMAKE_PREFIX_PATH}:/opt/ros/humble /usr/bin/cmake --install /home/pearluva/Documents/484_Rover_Project/484_Rover_Project/simulation_ws/build/rover_sim
[1.956s] Level 1:colcon.colcon_core.environment:checking '/home/pearluva/Documents/484_Rover_Project/484_Rover_Project/simulation_ws/install/rover_sim' for CMake module files
[1.957s] Level 1:colcon.colcon_core.environment:checking '/home/pearluva/Documents/484_Rover_Project/484_Rover_Project/simulation_ws/install/rover_sim' for CMake config files
[1.957s] Level 1:colcon.colcon_core.shell:create_environment_hook('rover_sim', 'cmake_prefix_path')
[1.957s] INFO:colcon.colcon_core.shell:Creating environment hook '/home/pearluva/Documents/484_Rover_Project/484_Rover_Project/simulation_ws/install/rover_sim/share/rover_sim/hook/cmake_prefix_path.ps1'
[1.959s] INFO:colcon.colcon_core.shell:Creating environment descriptor '/home/pearluva/Documents/484_Rover_Project/484_Rover_Project/simulation_ws/install/rover_sim/share/rover_sim/hook/cmake_prefix_path.dsv'
[1.959s] INFO:colcon.colcon_core.shell:Creating environment hook '/home/pearluva/Documents/484_Rover_Project/484_Rover_Project/simulation_ws/install/rover_sim/share/rover_sim/hook/cmake_prefix_path.sh'
[1.961s] Level 1:colcon.colcon_core.environment:checking '/home/pearluva/Documents/484_Rover_Project/484_Rover_Project/simulation_ws/install/rover_sim/bin'
[1.961s] Level 1:colcon.colcon_core.environment:checking '/home/pearluva/Documents/484_Rover_Project/484_Rover_Project/simulation_ws/install/rover_sim/lib/pkgconfig/rover_sim.pc'
[1.962s] Level 1:colcon.colcon_core.environment:checking '/home/pearluva/Documents/484_Rover_Project/484_Rover_Project/simulation_ws/install/rover_sim/lib/python3.10/site-packages'
[1.962s] Level 1:colcon.colcon_core.environment:checking '/home/pearluva/Documents/484_Rover_Project/484_Rover_Project/simulation_ws/install/rover_sim/bin'
[1.963s] INFO:colcon.colcon_core.shell:Creating package script '/home/pearluva/Documents/484_Rover_Project/484_Rover_Project/simulation_ws/install/rover_sim/share/rover_sim/package.ps1'
[1.964s] INFO:colcon.colcon_core.shell:Creating package descriptor '/home/pearluva/Documents/484_Rover_Project/484_Rover_Project/simulation_ws/install/rover_sim/share/rover_sim/package.dsv'
[1.965s] INFO:colcon.colcon_core.shell:Creating package script '/home/pearluva/Documents/484_Rover_Project/484_Rover_Project/simulation_ws/install/rover_sim/share/rover_sim/package.sh'
[1.967s] INFO:colcon.colcon_core.shell:Creating package script '/home/pearluva/Documents/484_Rover_Project/484_Rover_Project/simulation_ws/install/rover_sim/share/rover_sim/package.bash'
[1.968s] INFO:colcon.colcon_core.shell:Creating package script '/home/pearluva/Documents/484_Rover_Project/484_Rover_Project/simulation_ws/install/rover_sim/share/rover_sim/package.zsh'
[1.969s] Level 1:colcon.colcon_core.environment:create_file_with_runtime_dependencies(/home/pearluva/Documents/484_Rover_Project/484_Rover_Project/simulation_ws/install/rover_sim/share/colcon-core/packages/rover_sim)
[1.970s] Level 1:colcon.colcon_core.environment:create_environment_scripts_only(rover_sim)
[1.971s] Level 1:colcon.colcon_core.environment:checking '/home/pearluva/Documents/484_Rover_Project/484_Rover_Project/simulation_ws/install/rover_sim' for CMake module files
[1.971s] Level 1:colcon.colcon_core.environment:checking '/home/pearluva/Documents/484_Rover_Project/484_Rover_Project/simulation_ws/install/rover_sim' for CMake config files
[1.972s] Level 1:colcon.colcon_core.shell:create_environment_hook('rover_sim', 'cmake_prefix_path')
[1.972s] INFO:colcon.colcon_core.shell:Creating environment hook '/home/pearluva/Documents/484_Rover_Project/484_Rover_Project/simulation_ws/install/rover_sim/share/rover_sim/hook/cmake_prefix_path.ps1'
[1.973s] INFO:colcon.colcon_core.shell:Creating environment descriptor '/home/pearluva/Documents/484_Rover_Project/484_Rover_Project/simulation_ws/install/rover_sim/share/rover_sim/hook/cmake_prefix_path.dsv'
[1.973s] INFO:colcon.colcon_core.shell:Creating environment hook '/home/pearluva/Documents/484_Rover_Project/484_Rover_Project/simulation_ws/install/rover_sim/share/rover_sim/hook/cmake_prefix_path.sh'
[1.974s] Level 1:colcon.colcon_core.environment:checking '/home/pearluva/Documents/484_Rover_Project/484_Rover_Project/simulation_ws/install/rover_sim/bin'
[1.975s] Level 1:colcon.colcon_core.environment:checking '/home/pearluva/Documents/484_Rover_Project/484_Rover_Project/simulation_ws/install/rover_sim/lib/pkgconfig/rover_sim.pc'
[1.975s] Level 1:colcon.colcon_core.environment:checking '/home/pearluva/Documents/484_Rover_Project/484_Rover_Project/simulation_ws/install/rover_sim/lib/python3.10/site-packages'
[1.976s] Level 1:colcon.colcon_core.environment:checking '/home/pearluva/Documents/484_Rover_Project/484_Rover_Project/simulation_ws/install/rover_sim/bin'
[1.976s] INFO:colcon.colcon_core.shell:Creating package script '/home/pearluva/Documents/484_Rover_Project/484_Rover_Project/simulation_ws/install/rover_sim/share/rover_sim/package.ps1'
[1.977s] INFO:colcon.colcon_core.shell:Creating package descriptor '/home/pearluva/Documents/484_Rover_Project/484_Rover_Project/simulation_ws/install/rover_sim/share/rover_sim/package.dsv'
[1.978s] INFO:colcon.colcon_core.shell:Creating package script '/home/pearluva/Documents/484_Rover_Project/484_Rover_Project/simulation_ws/install/rover_sim/share/rover_sim/package.sh'
[1.979s] INFO:colcon.colcon_core.shell:Creating package script '/home/pearluva/Documents/484_Rover_Project/484_Rover_Project/simulation_ws/install/rover_sim/share/rover_sim/package.bash'
[1.979s] INFO:colcon.colcon_core.shell:Creating package script '/home/pearluva/Documents/484_Rover_Project/484_Rover_Project/simulation_ws/install/rover_sim/share/rover_sim/package.zsh'
[1.980s] Level 1:colcon.colcon_core.environment:create_file_with_runtime_dependencies(/home/pearluva/Documents/484_Rover_Project/484_Rover_Project/simulation_ws/install/rover_sim/share/colcon-core/packages/rover_sim)
[1.980s] DEBUG:colcon.colcon_parallel_executor.executor.parallel:closing loop
[1.981s] DEBUG:colcon.colcon_parallel_executor.executor.parallel:loop closed
[1.981s] DEBUG:colcon.colcon_parallel_executor.executor.parallel:run_until_complete finished with '0'
[1.981s] DEBUG:colcon.colcon_core.event_reactor:joining thread
[1.990s] INFO:colcon.colcon_core.plugin_system:Skipping extension 'colcon_notification.desktop_notification.terminal_notifier': Not used on non-Darwin systems
[1.990s] INFO:colcon.colcon_core.plugin_system:Skipping extension 'colcon_notification.desktop_notification.win32': Not used on non-Windows systems
[1.990s] INFO:colcon.colcon_notification.desktop_notification:Sending desktop notification using 'notify2'
[2.013s] DEBUG:colcon.colcon_core.event_reactor:joined thread
[2.014s] INFO:colcon.colcon_core.shell:Creating prefix script '/home/pearluva/Documents/484_Rover_Project/484_Rover_Project/simulation_ws/install/local_setup.ps1'
[2.017s] INFO:colcon.colcon_core.shell:Creating prefix util module '/home/pearluva/Documents/484_Rover_Project/484_Rover_Project/simulation_ws/install/_local_setup_util_ps1.py'
[2.022s] INFO:colcon.colcon_core.shell:Creating prefix chain script '/home/pearluva/Documents/484_Rover_Project/484_Rover_Project/simulation_ws/install/setup.ps1'
[2.024s] INFO:colcon.colcon_core.shell:Creating prefix script '/home/pearluva/Documents/484_Rover_Project/484_Rover_Project/simulation_ws/install/local_setup.sh'
[2.025s] INFO:colcon.colcon_core.shell:Creating prefix util module '/home/pearluva/Documents/484_Rover_Project/484_Rover_Project/simulation_ws/install/_local_setup_util_sh.py'
[2.026s] INFO:colcon.colcon_core.shell:Creating prefix chain script '/home/pearluva/Documents/484_Rover_Project/484_Rover_Project/simulation_ws/install/setup.sh'
[2.028s] INFO:colcon.colcon_core.shell:Creating prefix script '/home/pearluva/Documents/484_Rover_Project/484_Rover_Project/simulation_ws/install/local_setup.bash'
[2.029s] INFO:colcon.colcon_core.shell:Creating prefix chain script '/home/pearluva/Documents/484_Rover_Project/484_Rover_Project/simulation_ws/install/setup.bash'
[2.032s] INFO:colcon.colcon_core.shell:Creating prefix script '/home/pearluva/Documents/484_Rover_Project/484_Rover_Project/simulation_ws/install/local_setup.zsh'
[2.033s] INFO:colcon.colcon_core.shell:Creating prefix chain script '/home/pearluva/Documents/484_Rover_Project/484_Rover_Project/simulation_ws/install/setup.zsh'
