[0.007s] Invoking command in '/home/pearluva/Documents/484_Rover_Project/simulation_ws/build/rover_sim': CMAKE_PREFIX_PATH=${CMAKE_PREFIX_PATH}:/opt/ros/humble /usr/bin/cmake /home/pearluva/Documents/484_Rover_Project/simulation_ws/src/rover_sim -DAMENT_CMAKE_SYMLINK_INSTALL=1 -DCMAKE_INSTALL_PREFIX=/home/pearluva/Documents/484_Rover_Project/simulation_ws/install/rover_sim
[0.019s] -- Found ament_cmake: 1.3.14 (/opt/ros/humble/share/ament_cmake/cmake)
[0.110s] -- Override CMake install command with custom implementation using symlinks instead of copying resources
[0.116s] -- Found ament_lint_auto: 0.12.15 (/opt/ros/humble/share/ament_lint_auto/cmake)
[0.163s] -- Added test 'flake8' to check Python code syntax and style conventions
[0.163s] -- Added test 'lint_cmake' to check CMake code style
[0.163s] -- Added test 'pep257' to check Python code against some of the docstring style conventions in PEP 257
[0.164s] -- Added test 'xmllint' to check XML markup files
[0.164s] -- Configuring done
[0.166s] -- Generating done
[0.167s] -- Build files have been written to: /home/pearluva/Documents/484_Rover_Project/simulation_ws/build/rover_sim
[0.169s] Invoked command in '/home/pearluva/Documents/484_Rover_Project/simulation_ws/build/rover_sim' returned '0': CMAKE_PREFIX_PATH=${CMAKE_PREFIX_PATH}:/opt/ros/humble /usr/bin/cmake /home/pearluva/Documents/484_Rover_Project/simulation_ws/src/rover_sim -DAMENT_CMAKE_SYMLINK_INSTALL=1 -DCMAKE_INSTALL_PREFIX=/home/pearluva/Documents/484_Rover_Project/simulation_ws/install/rover_sim
[0.172s] Invoking command in '/home/pearluva/Documents/484_Rover_Project/simulation_ws/build/rover_sim': CMAKE_PREFIX_PATH=${CMAKE_PREFIX_PATH}:/opt/ros/humble /usr/bin/cmake --build /home/pearluva/Documents/484_Rover_Project/simulation_ws/build/rover_sim -- -j28 -l28
[0.205s] Invoked command in '/home/pearluva/Documents/484_Rover_Project/simulation_ws/build/rover_sim' returned '0': CMAKE_PREFIX_PATH=${CMAKE_PREFIX_PATH}:/opt/ros/humble /usr/bin/cmake --build /home/pearluva/Documents/484_Rover_Project/simulation_ws/build/rover_sim -- -j28 -l28
[0.215s] Invoking command in '/home/pearluva/Documents/484_Rover_Project/simulation_ws/build/rover_sim': CMAKE_PREFIX_PATH=${CMAKE_PREFIX_PATH}:/opt/ros/humble /usr/bin/cmake --install /home/pearluva/Documents/484_Rover_Project/simulation_ws/build/rover_sim
[0.222s] -- Install configuration: ""
[0.223s] -- Execute custom install script
[0.223s] -- Symlinking: /home/pearluva/Documents/484_Rover_Project/simulation_ws/install/rover_sim/share/ament_index/resource_index/package_run_dependencies/rover_sim
[0.232s] -- Symlinking: /home/pearluva/Documents/484_Rover_Project/simulation_ws/install/rover_sim/share/ament_index/resource_index/parent_prefix_path/rover_sim
[0.240s] -- Symlinking: /home/pearluva/Documents/484_Rover_Project/simulation_ws/install/rover_sim/share/rover_sim/environment/ament_prefix_path.sh
[0.249s] -- Symlinking: /home/pearluva/Documents/484_Rover_Project/simulation_ws/install/rover_sim/share/rover_sim/environment/ament_prefix_path.dsv
[0.257s] -- Symlinking: /home/pearluva/Documents/484_Rover_Project/simulation_ws/install/rover_sim/share/rover_sim/environment/path.sh
[0.265s] -- Symlinking: /home/pearluva/Documents/484_Rover_Project/simulation_ws/install/rover_sim/share/rover_sim/environment/path.dsv
[0.273s] -- Symlinking: /home/pearluva/Documents/484_Rover_Project/simulation_ws/install/rover_sim/share/rover_sim/local_setup.bash
[0.282s] -- Symlinking: /home/pearluva/Documents/484_Rover_Project/simulation_ws/install/rover_sim/share/rover_sim/local_setup.sh
[0.290s] -- Symlinking: /home/pearluva/Documents/484_Rover_Project/simulation_ws/install/rover_sim/share/rover_sim/local_setup.zsh
[0.298s] -- Symlinking: /home/pearluva/Documents/484_Rover_Project/simulation_ws/install/rover_sim/share/rover_sim/local_setup.dsv
[0.307s] -- Symlinking: /home/pearluva/Documents/484_Rover_Project/simulation_ws/install/rover_sim/share/rover_sim/package.dsv
[0.316s] -- Symlinking: /home/pearluva/Documents/484_Rover_Project/simulation_ws/install/rover_sim/share/ament_index/resource_index/packages/rover_sim
[0.323s] -- Symlinking: /home/pearluva/Documents/484_Rover_Project/simulation_ws/install/rover_sim/share/rover_sim/cmake/rover_simConfig.cmake
[0.331s] -- Symlinking: /home/pearluva/Documents/484_Rover_Project/simulation_ws/install/rover_sim/share/rover_sim/cmake/rover_simConfig-version.cmake
[0.339s] -- Symlinking: /home/pearluva/Documents/484_Rover_Project/simulation_ws/install/rover_sim/share/rover_sim/package.xml
[0.348s] -- Symlinking: /home/pearluva/Documents/484_Rover_Project/simulation_ws/install/rover_sim/share/rover_sim/launch/sim.launch.py
[0.357s] -- Symlinking: /home/pearluva/Documents/484_Rover_Project/simulation_ws/install/rover_sim/share/rover_sim/urdf/rover.urdf
[0.365s] -- Symlinking: /home/pearluva/Documents/484_Rover_Project/simulation_ws/install/rover_sim/share/rover_sim/config/controllers.yaml
[0.373s] -- Symlinking: /home/pearluva/Documents/484_Rover_Project/simulation_ws/install/rover_sim/share/rover_sim/world/meshes/south_pole.mtl
[0.381s] -- Symlinking: /home/pearluva/Documents/484_Rover_Project/simulation_ws/install/rover_sim/share/rover_sim/world/meshes/south_pole.obj
[0.389s] -- Symlinking: /home/pearluva/Documents/484_Rover_Project/simulation_ws/install/rover_sim/share/rover_sim/world/obstacles.sdf
[0.398s] -- Symlinking: /home/pearluva/Documents/484_Rover_Project/simulation_ws/install/rover_sim/share/rover_sim/world/world.sdf
[0.408s] Invoked command in '/home/pearluva/Documents/484_Rover_Project/simulation_ws/build/rover_sim' returned '0': CMAKE_PREFIX_PATH=${CMAKE_PREFIX_PATH}:/opt/ros/humble /usr/bin/cmake --install /home/pearluva/Documents/484_Rover_Project/simulation_ws/build/rover_sim
