[0.017s] Invoking command in '/home/pearluva/Documents/484_Rover_Project/484_Rover_Project/simulation_ws/build/rover_sim': CMAKE_PREFIX_PATH=/opt/ros/humble /usr/bin/cmake /home/pearluva/Documents/484_Rover_Project/484_Rover_Project/simulation_ws/src/rover_sim -DAMENT_CMAKE_SYMLINK_INSTALL=1 -DCMAKE_INSTALL_PREFIX=/home/pearluva/Documents/484_Rover_Project/484_Rover_Project/simulation_ws/install/rover_sim
[0.032s] -- Found ament_cmake: 1.3.13 (/opt/ros/humble/share/ament_cmake/cmake)
[0.209s] -- Override CMake install command with custom implementation using symlinks instead of copying resources
[0.223s] -- Found ament_lint_auto: 0.12.15 (/opt/ros/humble/share/ament_lint_auto/cmake)
[0.354s] -- Added test 'flake8' to check Python code syntax and style conventions
[0.355s] -- Added test 'lint_cmake' to check CMake code style
[0.356s] -- Added test 'pep257' to check Python code against some of the docstring style conventions in PEP 257
[0.358s] -- Added test 'xmllint' to check XML markup files
[0.361s] -- Configuring done
[0.365s] -- Generating done
[0.369s] -- Build files have been written to: /home/pearluva/Documents/484_Rover_Project/484_Rover_Project/simulation_ws/build/rover_sim
[0.372s] Invoked command in '/home/pearluva/Documents/484_Rover_Project/484_Rover_Project/simulation_ws/build/rover_sim' returned '0': CMAKE_PREFIX_PATH=/opt/ros/humble /usr/bin/cmake /home/pearluva/Documents/484_Rover_Project/484_Rover_Project/simulation_ws/src/rover_sim -DAMENT_CMAKE_SYMLINK_INSTALL=1 -DCMAKE_INSTALL_PREFIX=/home/pearluva/Documents/484_Rover_Project/484_Rover_Project/simulation_ws/install/rover_sim
[0.375s] Invoking command in '/home/pearluva/Documents/484_Rover_Project/484_Rover_Project/simulation_ws/build/rover_sim': CMAKE_PREFIX_PATH=/opt/ros/humble /usr/bin/cmake --build /home/pearluva/Documents/484_Rover_Project/484_Rover_Project/simulation_ws/build/rover_sim -- -j8 -l8
[0.405s] Invoked command in '/home/pearluva/Documents/484_Rover_Project/484_Rover_Project/simulation_ws/build/rover_sim' returned '0': CMAKE_PREFIX_PATH=/opt/ros/humble /usr/bin/cmake --build /home/pearluva/Documents/484_Rover_Project/484_Rover_Project/simulation_ws/build/rover_sim -- -j8 -l8
[0.413s] Invoking command in '/home/pearluva/Documents/484_Rover_Project/484_Rover_Project/simulation_ws/build/rover_sim': CMAKE_PREFIX_PATH=/opt/ros/humble /usr/bin/cmake --install /home/pearluva/Documents/484_Rover_Project/484_Rover_Project/simulation_ws/build/rover_sim
[0.418s] -- Install configuration: ""
[0.419s] -- Execute custom install script
[0.420s] -- Symlinking: /home/pearluva/Documents/484_Rover_Project/484_Rover_Project/simulation_ws/install/rover_sim/share/ament_index/resource_index/package_run_dependencies/rover_sim
[0.426s] -- Symlinking: /home/pearluva/Documents/484_Rover_Project/484_Rover_Project/simulation_ws/install/rover_sim/share/ament_index/resource_index/parent_prefix_path/rover_sim
[0.432s] -- Symlinking: /home/pearluva/Documents/484_Rover_Project/484_Rover_Project/simulation_ws/install/rover_sim/share/rover_sim/environment/ament_prefix_path.sh
[0.438s] -- Symlinking: /home/pearluva/Documents/484_Rover_Project/484_Rover_Project/simulation_ws/install/rover_sim/share/rover_sim/environment/ament_prefix_path.dsv
[0.444s] -- Symlinking: /home/pearluva/Documents/484_Rover_Project/484_Rover_Project/simulation_ws/install/rover_sim/share/rover_sim/environment/path.sh
[0.450s] -- Symlinking: /home/pearluva/Documents/484_Rover_Project/484_Rover_Project/simulation_ws/install/rover_sim/share/rover_sim/environment/path.dsv
[0.455s] -- Symlinking: /home/pearluva/Documents/484_Rover_Project/484_Rover_Project/simulation_ws/install/rover_sim/share/rover_sim/local_setup.bash
[0.461s] -- Symlinking: /home/pearluva/Documents/484_Rover_Project/484_Rover_Project/simulation_ws/install/rover_sim/share/rover_sim/local_setup.sh
[0.468s] -- Symlinking: /home/pearluva/Documents/484_Rover_Project/484_Rover_Project/simulation_ws/install/rover_sim/share/rover_sim/local_setup.zsh
[0.474s] -- Symlinking: /home/pearluva/Documents/484_Rover_Project/484_Rover_Project/simulation_ws/install/rover_sim/share/rover_sim/local_setup.dsv
[0.480s] -- Symlinking: /home/pearluva/Documents/484_Rover_Project/484_Rover_Project/simulation_ws/install/rover_sim/share/rover_sim/package.dsv
[0.486s] -- Symlinking: /home/pearluva/Documents/484_Rover_Project/484_Rover_Project/simulation_ws/install/rover_sim/share/ament_index/resource_index/packages/rover_sim
[0.492s] -- Symlinking: /home/pearluva/Documents/484_Rover_Project/484_Rover_Project/simulation_ws/install/rover_sim/share/rover_sim/cmake/rover_simConfig.cmake
[0.498s] -- Symlinking: /home/pearluva/Documents/484_Rover_Project/484_Rover_Project/simulation_ws/install/rover_sim/share/rover_sim/cmake/rover_simConfig-version.cmake
[0.504s] -- Symlinking: /home/pearluva/Documents/484_Rover_Project/484_Rover_Project/simulation_ws/install/rover_sim/share/rover_sim/package.xml
[0.510s] -- Symlinking: /home/pearluva/Documents/484_Rover_Project/484_Rover_Project/simulation_ws/install/rover_sim/share/rover_sim/launch/sim.launch.py
[0.516s] -- Symlinking: /home/pearluva/Documents/484_Rover_Project/484_Rover_Project/simulation_ws/install/rover_sim/share/rover_sim/urdf/rover.urdf
[0.522s] -- Symlinking: /home/pearluva/Documents/484_Rover_Project/484_Rover_Project/simulation_ws/install/rover_sim/share/rover_sim/config/controllers.yaml
[0.529s] -- Symlinking: /home/pearluva/Documents/484_Rover_Project/484_Rover_Project/simulation_ws/install/rover_sim/share/rover_sim/world/media/heightmaps/heightmap_100_m.png
[0.536s] -- Symlinking: /home/pearluva/Documents/484_Rover_Project/484_Rover_Project/simulation_ws/install/rover_sim/share/rover_sim/world/world.sdf
[0.545s] Invoked command in '/home/pearluva/Documents/484_Rover_Project/484_Rover_Project/simulation_ws/build/rover_sim' returned '0': CMAKE_PREFIX_PATH=/opt/ros/humble /usr/bin/cmake --install /home/pearluva/Documents/484_Rover_Project/484_Rover_Project/simulation_ws/build/rover_sim
