[0.006s] Invoking command in '/home/pearluva/Documents/484_Rover_Project/484_Rover_Project/simulation_ws/build/rover_sim': CMAKE_PREFIX_PATH=${CMAKE_PREFIX_PATH}:/opt/ros/humble /usr/bin/cmake /home/pearluva/Documents/484_Rover_Project/484_Rover_Project/simulation_ws/src/rover_sim -DCMAKE_INSTALL_PREFIX=/home/pearluva/Documents/484_Rover_Project/484_Rover_Project/simulation_ws/install/rover_sim
[0.011s] -- Found ament_cmake: 1.3.13 (/opt/ros/humble/share/ament_cmake/cmake)
[0.065s] -- Override CMake install command with custom implementation using symlinks instead of copying resources
[0.070s] -- Found ament_lint_auto: 0.12.15 (/opt/ros/humble/share/ament_lint_auto/cmake)
[0.112s] -- Added test 'flake8' to check Python code syntax and style conventions
[0.112s] -- Added test 'lint_cmake' to check CMake code style
[0.112s] -- Added test 'pep257' to check Python code against some of the docstring style conventions in PEP 257
[0.113s] -- Added test 'xmllint' to check XML markup files
[0.114s] -- Configuring done
[0.115s] -- Generating done
[0.116s] -- Build files have been written to: /home/pearluva/Documents/484_Rover_Project/484_Rover_Project/simulation_ws/build/rover_sim
[0.118s] Invoked command in '/home/pearluva/Documents/484_Rover_Project/484_Rover_Project/simulation_ws/build/rover_sim' returned '0': CMAKE_PREFIX_PATH=${CMAKE_PREFIX_PATH}:/opt/ros/humble /usr/bin/cmake /home/pearluva/Documents/484_Rover_Project/484_Rover_Project/simulation_ws/src/rover_sim -DCMAKE_INSTALL_PREFIX=/home/pearluva/Documents/484_Rover_Project/484_Rover_Project/simulation_ws/install/rover_sim
[0.119s] Invoking command in '/home/pearluva/Documents/484_Rover_Project/484_Rover_Project/simulation_ws/build/rover_sim': CMAKE_PREFIX_PATH=${CMAKE_PREFIX_PATH}:/opt/ros/humble /usr/bin/cmake --build /home/pearluva/Documents/484_Rover_Project/484_Rover_Project/simulation_ws/build/rover_sim -- -j8 -l8
[0.131s] Invoked command in '/home/pearluva/Documents/484_Rover_Project/484_Rover_Project/simulation_ws/build/rover_sim' returned '0': CMAKE_PREFIX_PATH=${CMAKE_PREFIX_PATH}:/opt/ros/humble /usr/bin/cmake --build /home/pearluva/Documents/484_Rover_Project/484_Rover_Project/simulation_ws/build/rover_sim -- -j8 -l8
[0.134s] Invoking command in '/home/pearluva/Documents/484_Rover_Project/484_Rover_Project/simulation_ws/build/rover_sim': CMAKE_PREFIX_PATH=${CMAKE_PREFIX_PATH}:/opt/ros/humble /usr/bin/cmake --install /home/pearluva/Documents/484_Rover_Project/484_Rover_Project/simulation_ws/build/rover_sim
[0.136s] -- Install configuration: ""
[0.137s] -- Execute custom install script
[0.137s] -- Up-to-date symlink: /home/pearluva/Documents/484_Rover_Project/484_Rover_Project/simulation_ws/install/rover_sim/share/ament_index/resource_index/package_run_dependencies/rover_sim
[0.137s] -- Up-to-date symlink: /home/pearluva/Documents/484_Rover_Project/484_Rover_Project/simulation_ws/install/rover_sim/share/ament_index/resource_index/parent_prefix_path/rover_sim
[0.137s] -- Up-to-date symlink: /home/pearluva/Documents/484_Rover_Project/484_Rover_Project/simulation_ws/install/rover_sim/share/rover_sim/environment/ament_prefix_path.sh
[0.137s] -- Up-to-date symlink: /home/pearluva/Documents/484_Rover_Project/484_Rover_Project/simulation_ws/install/rover_sim/share/rover_sim/environment/ament_prefix_path.dsv
[0.137s] -- Up-to-date symlink: /home/pearluva/Documents/484_Rover_Project/484_Rover_Project/simulation_ws/install/rover_sim/share/rover_sim/environment/path.sh
[0.137s] -- Up-to-date symlink: /home/pearluva/Documents/484_Rover_Project/484_Rover_Project/simulation_ws/install/rover_sim/share/rover_sim/environment/path.dsv
[0.138s] -- Up-to-date symlink: /home/pearluva/Documents/484_Rover_Project/484_Rover_Project/simulation_ws/install/rover_sim/share/rover_sim/local_setup.bash
[0.138s] -- Up-to-date symlink: /home/pearluva/Documents/484_Rover_Project/484_Rover_Project/simulation_ws/install/rover_sim/share/rover_sim/local_setup.sh
[0.138s] -- Up-to-date symlink: /home/pearluva/Documents/484_Rover_Project/484_Rover_Project/simulation_ws/install/rover_sim/share/rover_sim/local_setup.zsh
[0.138s] -- Up-to-date symlink: /home/pearluva/Documents/484_Rover_Project/484_Rover_Project/simulation_ws/install/rover_sim/share/rover_sim/local_setup.dsv
[0.138s] -- Symlinking: /home/pearluva/Documents/484_Rover_Project/484_Rover_Project/simulation_ws/install/rover_sim/share/rover_sim/package.dsv
[0.140s] -- Up-to-date symlink: /home/pearluva/Documents/484_Rover_Project/484_Rover_Project/simulation_ws/install/rover_sim/share/ament_index/resource_index/packages/rover_sim
[0.140s] -- Up-to-date symlink: /home/pearluva/Documents/484_Rover_Project/484_Rover_Project/simulation_ws/install/rover_sim/share/rover_sim/cmake/rover_simConfig.cmake
[0.140s] -- Up-to-date symlink: /home/pearluva/Documents/484_Rover_Project/484_Rover_Project/simulation_ws/install/rover_sim/share/rover_sim/cmake/rover_simConfig-version.cmake
[0.140s] -- Up-to-date symlink: /home/pearluva/Documents/484_Rover_Project/484_Rover_Project/simulation_ws/install/rover_sim/share/rover_sim/package.xml
[0.141s] -- Up-to-date symlink: /home/pearluva/Documents/484_Rover_Project/484_Rover_Project/simulation_ws/install/rover_sim/share/rover_sim/launch/sim.launch.py
[0.141s] -- Up-to-date symlink: /home/pearluva/Documents/484_Rover_Project/484_Rover_Project/simulation_ws/install/rover_sim/share/rover_sim/urdf/rover.urdf
[0.141s] -- Up-to-date symlink: /home/pearluva/Documents/484_Rover_Project/484_Rover_Project/simulation_ws/install/rover_sim/share/rover_sim/config/controllers.yaml
[0.141s] -- Up-to-date symlink: /home/pearluva/Documents/484_Rover_Project/484_Rover_Project/simulation_ws/install/rover_sim/share/rover_sim/world/media/heightmaps/heightmap_100_m.png
[0.141s] -- Up-to-date symlink: /home/pearluva/Documents/484_Rover_Project/484_Rover_Project/simulation_ws/install/rover_sim/share/rover_sim/world/media/heightmaps/heightmap_fixed.png
[0.141s] -- Symlinking: /home/pearluva/Documents/484_Rover_Project/484_Rover_Project/simulation_ws/install/rover_sim/share/rover_sim/world/obstacles.sdf
[0.143s] -- Up-to-date symlink: /home/pearluva/Documents/484_Rover_Project/484_Rover_Project/simulation_ws/install/rover_sim/share/rover_sim/world/world.sdf
[0.144s] Invoked command in '/home/pearluva/Documents/484_Rover_Project/484_Rover_Project/simulation_ws/build/rover_sim' returned '0': CMAKE_PREFIX_PATH=${CMAKE_PREFIX_PATH}:/opt/ros/humble /usr/bin/cmake --install /home/pearluva/Documents/484_Rover_Project/484_Rover_Project/simulation_ws/build/rover_sim
