[0.006s] Invoking command in '/home/pearluva/Documents/484_Rover_Project/simulation_ws/build/rover_sim': CMAKE_PREFIX_PATH=${CMAKE_PREFIX_PATH}:/opt/ros/humble /usr/bin/cmake /home/pearluva/Documents/484_Rover_Project/simulation_ws/src/rover_sim -DAMENT_CMAKE_SYMLINK_INSTALL=1 -DCMAKE_INSTALL_PREFIX=/home/pearluva/Documents/484_Rover_Project/simulation_ws/install/rover_sim
[0.017s] -- Found ament_cmake: 1.3.14 (/opt/ros/humble/share/ament_cmake/cmake)
[0.105s] -- Override CMake install command with custom implementation using symlinks instead of copying resources
[0.110s] -- Found ament_lint_auto: 0.12.15 (/opt/ros/humble/share/ament_lint_auto/cmake)
[0.155s] -- Added test 'flake8' to check Python code syntax and style conventions
[0.156s] -- Added test 'lint_cmake' to check CMake code style
[0.156s] -- Added test 'pep257' to check Python code against some of the docstring style conventions in PEP 257
[0.157s] -- Added test 'xmllint' to check XML markup files
[0.157s] -- Configuring done
[0.158s] -- Generating done
[0.159s] -- Build files have been written to: /home/pearluva/Documents/484_Rover_Project/simulation_ws/build/rover_sim
[0.163s] Invoked command in '/home/pearluva/Documents/484_Rover_Project/simulation_ws/build/rover_sim' returned '0': CMAKE_PREFIX_PATH=${CMAKE_PREFIX_PATH}:/opt/ros/humble /usr/bin/cmake /home/pearluva/Documents/484_Rover_Project/simulation_ws/src/rover_sim -DAMENT_CMAKE_SYMLINK_INSTALL=1 -DCMAKE_INSTALL_PREFIX=/home/pearluva/Documents/484_Rover_Project/simulation_ws/install/rover_sim
[0.163s] Invoking command in '/home/pearluva/Documents/484_Rover_Project/simulation_ws/build/rover_sim': CMAKE_PREFIX_PATH=${CMAKE_PREFIX_PATH}:/opt/ros/humble /usr/bin/cmake --build /home/pearluva/Documents/484_Rover_Project/simulation_ws/build/rover_sim -- -j28 -l28
[0.198s] Invoked command in '/home/pearluva/Documents/484_Rover_Project/simulation_ws/build/rover_sim' returned '0': CMAKE_PREFIX_PATH=${CMAKE_PREFIX_PATH}:/opt/ros/humble /usr/bin/cmake --build /home/pearluva/Documents/484_Rover_Project/simulation_ws/build/rover_sim -- -j28 -l28
[0.208s] Invoking command in '/home/pearluva/Documents/484_Rover_Project/simulation_ws/build/rover_sim': CMAKE_PREFIX_PATH=${CMAKE_PREFIX_PATH}:/opt/ros/humble /usr/bin/cmake --install /home/pearluva/Documents/484_Rover_Project/simulation_ws/build/rover_sim
[0.215s] -- Install configuration: ""
[0.216s] -- Execute custom install script
[0.216s] -- Symlinking: /home/pearluva/Documents/484_Rover_Project/simulation_ws/install/rover_sim/share/ament_index/resource_index/package_run_dependencies/rover_sim
[0.224s] -- Symlinking: /home/pearluva/Documents/484_Rover_Project/simulation_ws/install/rover_sim/share/ament_index/resource_index/parent_prefix_path/rover_sim
[0.235s] -- Symlinking: /home/pearluva/Documents/484_Rover_Project/simulation_ws/install/rover_sim/share/rover_sim/environment/ament_prefix_path.sh
[0.244s] -- Symlinking: /home/pearluva/Documents/484_Rover_Project/simulation_ws/install/rover_sim/share/rover_sim/environment/ament_prefix_path.dsv
[0.252s] -- Symlinking: /home/pearluva/Documents/484_Rover_Project/simulation_ws/install/rover_sim/share/rover_sim/environment/path.sh
[0.260s] -- Symlinking: /home/pearluva/Documents/484_Rover_Project/simulation_ws/install/rover_sim/share/rover_sim/environment/path.dsv
[0.267s] -- Symlinking: /home/pearluva/Documents/484_Rover_Project/simulation_ws/install/rover_sim/share/rover_sim/local_setup.bash
[0.276s] -- Symlinking: /home/pearluva/Documents/484_Rover_Project/simulation_ws/install/rover_sim/share/rover_sim/local_setup.sh
[0.284s] -- Symlinking: /home/pearluva/Documents/484_Rover_Project/simulation_ws/install/rover_sim/share/rover_sim/local_setup.zsh
[0.292s] -- Symlinking: /home/pearluva/Documents/484_Rover_Project/simulation_ws/install/rover_sim/share/rover_sim/local_setup.dsv
[0.309s] -- Symlinking: /home/pearluva/Documents/484_Rover_Project/simulation_ws/install/rover_sim/share/rover_sim/package.dsv
[0.318s] -- Symlinking: /home/pearluva/Documents/484_Rover_Project/simulation_ws/install/rover_sim/share/ament_index/resource_index/packages/rover_sim
[0.327s] -- Symlinking: /home/pearluva/Documents/484_Rover_Project/simulation_ws/install/rover_sim/share/rover_sim/cmake/rover_simConfig.cmake
[0.335s] -- Symlinking: /home/pearluva/Documents/484_Rover_Project/simulation_ws/install/rover_sim/share/rover_sim/cmake/rover_simConfig-version.cmake
[0.343s] -- Symlinking: /home/pearluva/Documents/484_Rover_Project/simulation_ws/install/rover_sim/share/rover_sim/package.xml
[0.352s] -- Symlinking: /home/pearluva/Documents/484_Rover_Project/simulation_ws/install/rover_sim/share/rover_sim/launch/sim.launch.py
[0.361s] -- Symlinking: /home/pearluva/Documents/484_Rover_Project/simulation_ws/install/rover_sim/share/rover_sim/launch/sim.test.py
[0.369s] -- Symlinking: /home/pearluva/Documents/484_Rover_Project/simulation_ws/install/rover_sim/share/rover_sim/rover/meshes/chassis.STL
[0.378s] -- Symlinking: /home/pearluva/Documents/484_Rover_Project/simulation_ws/install/rover_sim/share/rover_sim/rover/meshes/wheel.STL
[0.386s] -- Symlinking: /home/pearluva/Documents/484_Rover_Project/simulation_ws/install/rover_sim/share/rover_sim/rover/meshes/wheel_mounts.STL
[0.393s] -- Symlinking: /home/pearluva/Documents/484_Rover_Project/simulation_ws/install/rover_sim/share/rover_sim/rover/rover.urdf
[0.401s] -- Symlinking: /home/pearluva/Documents/484_Rover_Project/simulation_ws/install/rover_sim/share/rover_sim/rover/rover_model.config
[0.409s] -- Symlinking: /home/pearluva/Documents/484_Rover_Project/simulation_ws/install/rover_sim/share/rover_sim/rover/rover_model.sdf
[0.417s] -- Symlinking: /home/pearluva/Documents/484_Rover_Project/simulation_ws/install/rover_sim/share/rover_sim/config/controllers.yaml
[0.427s] -- Symlinking: /home/pearluva/Documents/484_Rover_Project/simulation_ws/install/rover_sim/share/rover_sim/world/meshes/30m_path.mtl
[0.436s] -- Symlinking: /home/pearluva/Documents/484_Rover_Project/simulation_ws/install/rover_sim/share/rover_sim/world/meshes/30m_path.obj
[0.446s] -- Symlinking: /home/pearluva/Documents/484_Rover_Project/simulation_ws/install/rover_sim/share/rover_sim/world/meshes/south_pole.mtl
[0.454s] -- Symlinking: /home/pearluva/Documents/484_Rover_Project/simulation_ws/install/rover_sim/share/rover_sim/world/meshes/south_pole.obj
[0.463s] -- Symlinking: /home/pearluva/Documents/484_Rover_Project/simulation_ws/install/rover_sim/share/rover_sim/world/obstacles.sdf
[0.470s] -- Symlinking: /home/pearluva/Documents/484_Rover_Project/simulation_ws/install/rover_sim/share/rover_sim/world/world.sdf
[0.481s] Invoked command in '/home/pearluva/Documents/484_Rover_Project/simulation_ws/build/rover_sim' returned '0': CMAKE_PREFIX_PATH=${CMAKE_PREFIX_PATH}:/opt/ros/humble /usr/bin/cmake --install /home/pearluva/Documents/484_Rover_Project/simulation_ws/build/rover_sim
