[0.006s] Invoking command in '/home/pearluva/Documents/484_Rover_Project/484_Rover_Project/simulation_ws/build/rover_sim': CMAKE_PREFIX_PATH=${CMAKE_PREFIX_PATH}:/opt/ros/humble /usr/bin/cmake --build /home/pearluva/Documents/484_Rover_Project/484_Rover_Project/simulation_ws/build/rover_sim -- -j8 -l8
[0.016s] Invoked command in '/home/pearluva/Documents/484_Rover_Project/484_Rover_Project/simulation_ws/build/rover_sim' returned '0': CMAKE_PREFIX_PATH=${CMAKE_PREFIX_PATH}:/opt/ros/humble /usr/bin/cmake --build /home/pearluva/Documents/484_Rover_Project/484_Rover_Project/simulation_ws/build/rover_sim -- -j8 -l8
[0.019s] Invoking command in '/home/pearluva/Documents/484_Rover_Project/484_Rover_Project/simulation_ws/build/rover_sim': CMAKE_PREFIX_PATH=${CMAKE_PREFIX_PATH}:/opt/ros/humble /usr/bin/cmake --install /home/pearluva/Documents/484_Rover_Project/484_Rover_Project/simulation_ws/build/rover_sim
[0.021s] -- Install configuration: ""
[0.021s] -- Execute custom install script
[0.021s] -- Up-to-date symlink: /home/pearluva/Documents/484_Rover_Project/484_Rover_Project/simulation_ws/install/rover_sim/share/ament_index/resource_index/package_run_dependencies/rover_sim
[0.021s] -- Up-to-date symlink: /home/pearluva/Documents/484_Rover_Project/484_Rover_Project/simulation_ws/install/rover_sim/share/ament_index/resource_index/parent_prefix_path/rover_sim
[0.021s] -- Up-to-date symlink: /home/pearluva/Documents/484_Rover_Project/484_Rover_Project/simulation_ws/install/rover_sim/share/rover_sim/environment/ament_prefix_path.sh
[0.021s] -- Up-to-date symlink: /home/pearluva/Documents/484_Rover_Project/484_Rover_Project/simulation_ws/install/rover_sim/share/rover_sim/environment/ament_prefix_path.dsv
[0.021s] -- Up-to-date symlink: /home/pearluva/Documents/484_Rover_Project/484_Rover_Project/simulation_ws/install/rover_sim/share/rover_sim/environment/path.sh
[0.022s] -- Up-to-date symlink: /home/pearluva/Documents/484_Rover_Project/484_Rover_Project/simulation_ws/install/rover_sim/share/rover_sim/environment/path.dsv
[0.022s] -- Up-to-date symlink: /home/pearluva/Documents/484_Rover_Project/484_Rover_Project/simulation_ws/install/rover_sim/share/rover_sim/local_setup.bash
[0.022s] -- Up-to-date symlink: /home/pearluva/Documents/484_Rover_Project/484_Rover_Project/simulation_ws/install/rover_sim/share/rover_sim/local_setup.sh
[0.022s] -- Up-to-date symlink: /home/pearluva/Documents/484_Rover_Project/484_Rover_Project/simulation_ws/install/rover_sim/share/rover_sim/local_setup.zsh
[0.022s] -- Up-to-date symlink: /home/pearluva/Documents/484_Rover_Project/484_Rover_Project/simulation_ws/install/rover_sim/share/rover_sim/local_setup.dsv
[0.022s] -- Symlinking: /home/pearluva/Documents/484_Rover_Project/484_Rover_Project/simulation_ws/install/rover_sim/share/rover_sim/package.dsv
[0.024s] -- Up-to-date symlink: /home/pearluva/Documents/484_Rover_Project/484_Rover_Project/simulation_ws/install/rover_sim/share/ament_index/resource_index/packages/rover_sim
[0.024s] -- Up-to-date symlink: /home/pearluva/Documents/484_Rover_Project/484_Rover_Project/simulation_ws/install/rover_sim/share/rover_sim/cmake/rover_simConfig.cmake
[0.024s] -- Up-to-date symlink: /home/pearluva/Documents/484_Rover_Project/484_Rover_Project/simulation_ws/install/rover_sim/share/rover_sim/cmake/rover_simConfig-version.cmake
[0.024s] -- Up-to-date symlink: /home/pearluva/Documents/484_Rover_Project/484_Rover_Project/simulation_ws/install/rover_sim/share/rover_sim/package.xml
[0.024s] -- Up-to-date symlink: /home/pearluva/Documents/484_Rover_Project/484_Rover_Project/simulation_ws/install/rover_sim/share/rover_sim/launch/sim.launch.py
[0.025s] -- Up-to-date symlink: /home/pearluva/Documents/484_Rover_Project/484_Rover_Project/simulation_ws/install/rover_sim/share/rover_sim/urdf/rover.urdf
[0.025s] -- Up-to-date symlink: /home/pearluva/Documents/484_Rover_Project/484_Rover_Project/simulation_ws/install/rover_sim/share/rover_sim/config/controllers.yaml
[0.025s] -- Up-to-date symlink: /home/pearluva/Documents/484_Rover_Project/484_Rover_Project/simulation_ws/install/rover_sim/share/rover_sim/world/media/heightmaps/heightmap_100_m.png
[0.025s] -- Up-to-date symlink: /home/pearluva/Documents/484_Rover_Project/484_Rover_Project/simulation_ws/install/rover_sim/share/rover_sim/world/media/heightmaps/heightmap_fixed.png
[0.025s] -- Up-to-date symlink: /home/pearluva/Documents/484_Rover_Project/484_Rover_Project/simulation_ws/install/rover_sim/share/rover_sim/world/world.sdf
[0.026s] Invoked command in '/home/pearluva/Documents/484_Rover_Project/484_Rover_Project/simulation_ws/build/rover_sim' returned '0': CMAKE_PREFIX_PATH=${CMAKE_PREFIX_PATH}:/opt/ros/humble /usr/bin/cmake --install /home/pearluva/Documents/484_Rover_Project/484_Rover_Project/simulation_ws/build/rover_sim
