[0.009s] Invoking command in '/home/pearluva/Documents/484_Rover_Project/simulation_ws/build/rover_sim': CMAKE_PREFIX_PATH=/opt/ros/humble /usr/bin/cmake /home/pearluva/Documents/484_Rover_Project/simulation_ws/src/rover_sim -DCMAKE_INSTALL_PREFIX=/home/pearluva/Documents/484_Rover_Project/simulation_ws/install/rover_sim
[0.105s] -- The C compiler identification is GNU 11.4.0
[0.173s] -- The CXX compiler identification is GNU 11.4.0
[0.181s] -- Detecting C compiler ABI info
[0.240s] -- Detecting C compiler ABI info - done
[0.245s] -- Check for working C compiler: /usr/bin/cc - skipped
[0.245s] -- Detecting C compile features
[0.246s] -- Detecting C compile features - done
[0.249s] -- Detecting CXX compiler ABI info
[0.329s] -- Detecting CXX compiler ABI info - done
[0.336s] -- Check for working CXX compiler: /usr/bin/c++ - skipped
[0.336s] -- Detecting CXX compile features
[0.336s] -- Detecting CXX compile features - done
[0.339s] -- Found ament_cmake: 1.3.14 (/opt/ros/humble/share/ament_cmake/cmake)
[0.467s] -- Found Python3: /usr/bin/python3 (found version "3.10.12") found components: Interpreter 
[0.537s] -- Found ament_lint_auto: 0.12.15 (/opt/ros/humble/share/ament_lint_auto/cmake)
[0.593s] -- Added test 'flake8' to check Python code syntax and style conventions
[0.593s] -- Added test 'lint_cmake' to check CMake code style
[0.594s] -- Added test 'pep257' to check Python code against some of the docstring style conventions in PEP 257
[0.595s] -- Added test 'xmllint' to check XML markup files
[0.596s] -- Configuring done
[0.597s] -- Generating done
[0.598s] -- Build files have been written to: /home/pearluva/Documents/484_Rover_Project/simulation_ws/build/rover_sim
[0.601s] Invoked command in '/home/pearluva/Documents/484_Rover_Project/simulation_ws/build/rover_sim' returned '0': CMAKE_PREFIX_PATH=/opt/ros/humble /usr/bin/cmake /home/pearluva/Documents/484_Rover_Project/simulation_ws/src/rover_sim -DCMAKE_INSTALL_PREFIX=/home/pearluva/Documents/484_Rover_Project/simulation_ws/install/rover_sim
[0.602s] Invoking command in '/home/pearluva/Documents/484_Rover_Project/simulation_ws/build/rover_sim': CMAKE_PREFIX_PATH=/opt/ros/humble /usr/bin/cmake --build /home/pearluva/Documents/484_Rover_Project/simulation_ws/build/rover_sim -- -j28 -l28
[0.640s] Invoked command in '/home/pearluva/Documents/484_Rover_Project/simulation_ws/build/rover_sim' returned '0': CMAKE_PREFIX_PATH=/opt/ros/humble /usr/bin/cmake --build /home/pearluva/Documents/484_Rover_Project/simulation_ws/build/rover_sim -- -j28 -l28
[0.650s] Invoking command in '/home/pearluva/Documents/484_Rover_Project/simulation_ws/build/rover_sim': CMAKE_PREFIX_PATH=/opt/ros/humble /usr/bin/cmake --install /home/pearluva/Documents/484_Rover_Project/simulation_ws/build/rover_sim
[0.658s] -- Install configuration: ""
[0.658s] -- Installing: /home/pearluva/Documents/484_Rover_Project/simulation_ws/install/rover_sim/share/ament_index/resource_index/package_run_dependencies/rover_sim
[0.658s] -- Installing: /home/pearluva/Documents/484_Rover_Project/simulation_ws/install/rover_sim/share/ament_index/resource_index/parent_prefix_path/rover_sim
[0.658s] -- Installing: /home/pearluva/Documents/484_Rover_Project/simulation_ws/install/rover_sim/share/rover_sim/environment/ament_prefix_path.sh
[0.658s] -- Installing: /home/pearluva/Documents/484_Rover_Project/simulation_ws/install/rover_sim/share/rover_sim/environment/ament_prefix_path.dsv
[0.658s] -- Installing: /home/pearluva/Documents/484_Rover_Project/simulation_ws/install/rover_sim/share/rover_sim/environment/path.sh
[0.658s] -- Installing: /home/pearluva/Documents/484_Rover_Project/simulation_ws/install/rover_sim/share/rover_sim/environment/path.dsv
[0.658s] -- Installing: /home/pearluva/Documents/484_Rover_Project/simulation_ws/install/rover_sim/share/rover_sim/local_setup.bash
[0.658s] -- Installing: /home/pearluva/Documents/484_Rover_Project/simulation_ws/install/rover_sim/share/rover_sim/local_setup.sh
[0.659s] -- Installing: /home/pearluva/Documents/484_Rover_Project/simulation_ws/install/rover_sim/share/rover_sim/local_setup.zsh
[0.659s] -- Installing: /home/pearluva/Documents/484_Rover_Project/simulation_ws/install/rover_sim/share/rover_sim/local_setup.dsv
[0.659s] -- Installing: /home/pearluva/Documents/484_Rover_Project/simulation_ws/install/rover_sim/share/rover_sim/package.dsv
[0.659s] -- Installing: /home/pearluva/Documents/484_Rover_Project/simulation_ws/install/rover_sim/share/ament_index/resource_index/packages/rover_sim
[0.659s] -- Installing: /home/pearluva/Documents/484_Rover_Project/simulation_ws/install/rover_sim/share/rover_sim/cmake/rover_simConfig.cmake
[0.659s] -- Installing: /home/pearluva/Documents/484_Rover_Project/simulation_ws/install/rover_sim/share/rover_sim/cmake/rover_simConfig-version.cmake
[0.659s] -- Installing: /home/pearluva/Documents/484_Rover_Project/simulation_ws/install/rover_sim/share/rover_sim/package.xml
[0.659s] -- Installing: /home/pearluva/Documents/484_Rover_Project/simulation_ws/install/rover_sim/share/rover_sim/launch
[0.659s] -- Installing: /home/pearluva/Documents/484_Rover_Project/simulation_ws/install/rover_sim/share/rover_sim/launch/sim.launch.py
[0.661s] -- Installing: /home/pearluva/Documents/484_Rover_Project/simulation_ws/install/rover_sim/share/rover_sim/launch/sim.test.py
[0.661s] [31mCMake Error at cmake_install.cmake:105 (file):
[0.661s]   file INSTALL cannot find
[0.661s]   "/home/pearluva/Documents/484_Rover_Project/simulation_ws/src/rover_sim/urdf":
[0.661s]   No such file or directory.
[0.661s] 
[0.661s] [0m
[0.662s] Invoked command in '/home/pearluva/Documents/484_Rover_Project/simulation_ws/build/rover_sim' returned '1': CMAKE_PREFIX_PATH=/opt/ros/humble /usr/bin/cmake --install /home/pearluva/Documents/484_Rover_Project/simulation_ws/build/rover_sim
